// Jest Snapshot v1, https://goo.gl/fbAQLP

exports[`Pruebas en el componente <HeroesScreen /> Debe de mostrarse el componente <Redirect /> si no hay argumentos en el URL 1`] = `""`;
